// Jest Snapshot v1, https://goo.gl/fbAQLP

exports[`renders correctly 1`] = `
<div
  className="BackgroundFooter"
>
  <div
    className="NavArea"
  >
    <div
      className="break"
    />
    <nav
      className="Nav"
    />
  </div>
</div>
`;
